mode: set
github.com/dh-n/bookings/internal/render/render.go:24.39,26.2 1 1
github.com/dh-n/bookings/internal/render/render.go:28.84,34.2 5 1
github.com/dh-n/bookings/internal/render/render.go:36.105,39.18 3 1
github.com/dh-n/bookings/internal/render/render.go:39.18,42.3 1 0
github.com/dh-n/bookings/internal/render/render.go:42.8,44.17 2 1
github.com/dh-n/bookings/internal/render/render.go:44.17,46.4 1 0
github.com/dh-n/bookings/internal/render/render.go:50.2,51.9 2 1
github.com/dh-n/bookings/internal/render/render.go:51.9,54.3 2 1
github.com/dh-n/bookings/internal/render/render.go:57.2,61.16 4 1
github.com/dh-n/bookings/internal/render/render.go:61.16,64.3 2 0
github.com/dh-n/bookings/internal/render/render.go:67.2,68.16 2 1
github.com/dh-n/bookings/internal/render/render.go:68.16,71.3 2 0
github.com/dh-n/bookings/internal/render/render.go:78.2,78.12 1 1
github.com/dh-n/bookings/internal/render/render.go:81.67,86.16 3 1
github.com/dh-n/bookings/internal/render/render.go:86.16,88.3 1 0
github.com/dh-n/bookings/internal/render/render.go:91.2,91.29 1 1
github.com/dh-n/bookings/internal/render/render.go:91.29,95.17 3 1
github.com/dh-n/bookings/internal/render/render.go:95.17,97.4 1 0
github.com/dh-n/bookings/internal/render/render.go:100.3,101.17 2 1
github.com/dh-n/bookings/internal/render/render.go:101.17,103.4 1 0
github.com/dh-n/bookings/internal/render/render.go:106.3,106.23 1 1
github.com/dh-n/bookings/internal/render/render.go:106.23,108.18 2 1
github.com/dh-n/bookings/internal/render/render.go:108.18,110.5 1 0
github.com/dh-n/bookings/internal/render/render.go:113.3,113.21 1 1
github.com/dh-n/bookings/internal/render/render.go:116.2,116.21 1 1
